
> mycominer@1.0.0 build
> next build

node.exe : ΓÜá Warning: Next.js inferred your workspace root, but it may not 
be correct.
At line:1 char:1
+ & "C:\Program Files\nodejs/node.exe" "C:\Program Files\nodejs/node_mo ...
+ ~~~~~~~~~~~~~~~~~~~~~~~~~~~~~~~~~~~~~~~~~~~~~~~~~~~~~~~~~~~~~~~~~~~~~
    + CategoryInfo          : NotSpecified: (ΓÜá Warning: Ne...not be correct. 
   :String) [], RemoteException
    + FullyQualifiedErrorId : NativeCommandError
 
 We detected multiple lockfiles and selected the directory of 
C:\Users\hetfw\package-lock.json as the root directory.
 To silence this warning, set `turbopack.root` in your Next.js config, or 
consider removing one of the lockfiles if it's not needed.
   See https://nextjs.org/docs/app/api-reference/config/next-config-js/turbopac
k#root-directory for more information.
 Detected additional lockfiles: 
   * C:\Users\hetfw\Documents\MycoMiner\package-lock.json

Γû▓ Next.js 16.1.6 (Turbopack)
- Environments: .env.local

  Creating an optimized production build ...
Γ£ô Compiled successfully in 11.9s
  Running TypeScript ...
Failed to compile.

./app/actionCenter/actionPolicyEngine.ts:17:3
Type error: 'ActionLogEntry' is declared but its value is never read.

[0m [90m 15 |[39m   [33mActionCategory[39m[33m,[39m
 [90m 16 |[39m   [33mActionSource[39m[33m,[39m
[31m[1m>[22m[39m[90m 17 |[39m   [33mActionLogEntry[39m[33m,[39m
 [90m    |[39m   [31m[1m^[22m[39m
 [90m 18 |[39m   [33mPolicyDecisionLogEntry[39m[33m,[39m
 [90m 19 |[39m } [36mfrom[39m [32m'./actionTypes'[39m[33m;[39m
 [90m 20 |[39m[0m
Next.js build worker exited with code: 1 and signal: null
